Archive member included to satisfy reference by file (symbol)

../../common//libstmcommon.a(system_stm32f4xx.o)
                              ../../common/as/startup_stm32f40_41xxx.o (SystemInit)
../../stm_spl//libstm_spl.a(stm32f4xx_gpio.o)
                              main.o (GPIO_Init)
../../stm_spl//libstm_spl.a(stm32f4xx_tim.o)
                              main.o (TIM_TimeBaseInit)
../../stm_spl//libstm_spl.a(stm32f4xx_rcc.o)
                              main.o (RCC_AHB1PeriphClockCmd)
../../stm_spl//libstm_spl.a(misc.o)
                              main.o (NVIC_Init)

Discarded input sections

 .text          0x0000000000000000        0x0 main.o
 .data          0x0000000000000000        0x0 main.o
 .bss           0x0000000000000000        0x0 main.o
 .text          0x0000000000000000       0x14 ../../common/as/startup_stm32f40_41xxx.o
 .data          0x0000000000000000        0x0 ../../common/as/startup_stm32f40_41xxx.o
 .bss           0x0000000000000000        0x0 ../../common/as/startup_stm32f40_41xxx.o
 .text          0x0000000000000000        0x0 ../../common//libstmcommon.a(system_stm32f4xx.o)
 .data          0x0000000000000000        0x0 ../../common//libstmcommon.a(system_stm32f4xx.o)
 .bss           0x0000000000000000        0x0 ../../common//libstmcommon.a(system_stm32f4xx.o)
 .data.SystemCoreClock
                0x0000000000000000        0x4 ../../common//libstmcommon.a(system_stm32f4xx.o)
 .data.AHBPrescTable
                0x0000000000000000       0x10 ../../common//libstmcommon.a(system_stm32f4xx.o)
 .text.SystemCoreClockUpdate
                0x0000000000000000       0xfc ../../common//libstmcommon.a(system_stm32f4xx.o)
 .text          0x0000000000000000        0x0 ../../stm_spl//libstm_spl.a(stm32f4xx_gpio.o)
 .data          0x0000000000000000        0x0 ../../stm_spl//libstm_spl.a(stm32f4xx_gpio.o)
 .bss           0x0000000000000000        0x0 ../../stm_spl//libstm_spl.a(stm32f4xx_gpio.o)
 .text.GPIO_DeInit
                0x0000000000000000      0x164 ../../stm_spl//libstm_spl.a(stm32f4xx_gpio.o)
 .text.GPIO_StructInit
                0x0000000000000000       0x34 ../../stm_spl//libstm_spl.a(stm32f4xx_gpio.o)
 .text.GPIO_PinLockConfig
                0x0000000000000000       0x44 ../../stm_spl//libstm_spl.a(stm32f4xx_gpio.o)
 .text.GPIO_ReadInputDataBit
                0x0000000000000000       0x34 ../../stm_spl//libstm_spl.a(stm32f4xx_gpio.o)
 .text.GPIO_ReadInputData
                0x0000000000000000       0x1a ../../stm_spl//libstm_spl.a(stm32f4xx_gpio.o)
 .text.GPIO_ReadOutputDataBit
                0x0000000000000000       0x34 ../../stm_spl//libstm_spl.a(stm32f4xx_gpio.o)
 .text.GPIO_ReadOutputData
                0x0000000000000000       0x1a ../../stm_spl//libstm_spl.a(stm32f4xx_gpio.o)
 .text.GPIO_SetBits
                0x0000000000000000       0x1e ../../stm_spl//libstm_spl.a(stm32f4xx_gpio.o)
 .text.GPIO_ResetBits
                0x0000000000000000       0x1e ../../stm_spl//libstm_spl.a(stm32f4xx_gpio.o)
 .text.GPIO_WriteBit
                0x0000000000000000       0x30 ../../stm_spl//libstm_spl.a(stm32f4xx_gpio.o)
 .text.GPIO_Write
                0x0000000000000000       0x1e ../../stm_spl//libstm_spl.a(stm32f4xx_gpio.o)
 .text.GPIO_PinAFConfig
                0x0000000000000000       0x92 ../../stm_spl//libstm_spl.a(stm32f4xx_gpio.o)
 .text          0x0000000000000000        0x0 ../../stm_spl//libstm_spl.a(stm32f4xx_tim.o)
 .data          0x0000000000000000        0x0 ../../stm_spl//libstm_spl.a(stm32f4xx_tim.o)
 .bss           0x0000000000000000        0x0 ../../stm_spl//libstm_spl.a(stm32f4xx_tim.o)
 .text.TIM_DeInit
                0x0000000000000000      0x1c0 ../../stm_spl//libstm_spl.a(stm32f4xx_tim.o)
 .text.TIM_TimeBaseStructInit
                0x0000000000000000       0x34 ../../stm_spl//libstm_spl.a(stm32f4xx_tim.o)
 .text.TIM_PrescalerConfig
                0x0000000000000000       0x28 ../../stm_spl//libstm_spl.a(stm32f4xx_tim.o)
 .text.TIM_CounterModeConfig
                0x0000000000000000       0x38 ../../stm_spl//libstm_spl.a(stm32f4xx_tim.o)
 .text.TIM_SetCounter
                0x0000000000000000       0x1c ../../stm_spl//libstm_spl.a(stm32f4xx_tim.o)
 .text.TIM_SetAutoreload
                0x0000000000000000       0x1c ../../stm_spl//libstm_spl.a(stm32f4xx_tim.o)
 .text.TIM_GetCounter
                0x0000000000000000       0x18 ../../stm_spl//libstm_spl.a(stm32f4xx_tim.o)
 .text.TIM_GetPrescaler
                0x0000000000000000       0x1a ../../stm_spl//libstm_spl.a(stm32f4xx_tim.o)
 .text.TIM_UpdateDisableConfig
                0x0000000000000000       0x40 ../../stm_spl//libstm_spl.a(stm32f4xx_tim.o)
 .text.TIM_UpdateRequestConfig
                0x0000000000000000       0x40 ../../stm_spl//libstm_spl.a(stm32f4xx_tim.o)
 .text.TIM_ARRPreloadConfig
                0x0000000000000000       0x40 ../../stm_spl//libstm_spl.a(stm32f4xx_tim.o)
 .text.TIM_SelectOnePulseMode
                0x0000000000000000       0x38 ../../stm_spl//libstm_spl.a(stm32f4xx_tim.o)
 .text.TIM_SetClockDivision
                0x0000000000000000       0x38 ../../stm_spl//libstm_spl.a(stm32f4xx_tim.o)
 .text.TIM_OC1Init
                0x0000000000000000       0xf4 ../../stm_spl//libstm_spl.a(stm32f4xx_tim.o)
 .text.TIM_OC2Init
                0x0000000000000000      0x110 ../../stm_spl//libstm_spl.a(stm32f4xx_tim.o)
 .text.TIM_OC3Init
                0x0000000000000000      0x10c ../../stm_spl//libstm_spl.a(stm32f4xx_tim.o)
 .text.TIM_OC4Init
                0x0000000000000000       0xd0 ../../stm_spl//libstm_spl.a(stm32f4xx_tim.o)
 .text.TIM_OCStructInit
                0x0000000000000000       0x44 ../../stm_spl//libstm_spl.a(stm32f4xx_tim.o)
 .text.TIM_SelectOCxM
                0x0000000000000000       0xb4 ../../stm_spl//libstm_spl.a(stm32f4xx_tim.o)
 .text.TIM_SetCompare1
                0x0000000000000000       0x1c ../../stm_spl//libstm_spl.a(stm32f4xx_tim.o)
 .text.TIM_SetCompare2
                0x0000000000000000       0x1c ../../stm_spl//libstm_spl.a(stm32f4xx_tim.o)
 .text.TIM_SetCompare3
                0x0000000000000000       0x1c ../../stm_spl//libstm_spl.a(stm32f4xx_tim.o)
 .text.TIM_SetCompare4
                0x0000000000000000       0x1c ../../stm_spl//libstm_spl.a(stm32f4xx_tim.o)
 .text.TIM_ForcedOC1Config
                0x0000000000000000       0x38 ../../stm_spl//libstm_spl.a(stm32f4xx_tim.o)
 .text.TIM_ForcedOC2Config
                0x0000000000000000       0x3c ../../stm_spl//libstm_spl.a(stm32f4xx_tim.o)
 .text.TIM_ForcedOC3Config
                0x0000000000000000       0x38 ../../stm_spl//libstm_spl.a(stm32f4xx_tim.o)
 .text.TIM_ForcedOC4Config
                0x0000000000000000       0x3c ../../stm_spl//libstm_spl.a(stm32f4xx_tim.o)
 .text.TIM_OC1PreloadConfig
                0x0000000000000000       0x38 ../../stm_spl//libstm_spl.a(stm32f4xx_tim.o)
 .text.TIM_OC2PreloadConfig
                0x0000000000000000       0x3c ../../stm_spl//libstm_spl.a(stm32f4xx_tim.o)
 .text.TIM_OC3PreloadConfig
                0x0000000000000000       0x38 ../../stm_spl//libstm_spl.a(stm32f4xx_tim.o)
 .text.TIM_OC4PreloadConfig
                0x0000000000000000       0x3c ../../stm_spl//libstm_spl.a(stm32f4xx_tim.o)
 .text.TIM_OC1FastConfig
                0x0000000000000000       0x38 ../../stm_spl//libstm_spl.a(stm32f4xx_tim.o)
 .text.TIM_OC2FastConfig
                0x0000000000000000       0x3c ../../stm_spl//libstm_spl.a(stm32f4xx_tim.o)
 .text.TIM_OC3FastConfig
                0x0000000000000000       0x38 ../../stm_spl//libstm_spl.a(stm32f4xx_tim.o)
 .text.TIM_OC4FastConfig
                0x0000000000000000       0x3c ../../stm_spl//libstm_spl.a(stm32f4xx_tim.o)
 .text.TIM_ClearOC1Ref
                0x0000000000000000       0x38 ../../stm_spl//libstm_spl.a(stm32f4xx_tim.o)
 .text.TIM_ClearOC2Ref
                0x0000000000000000       0x3c ../../stm_spl//libstm_spl.a(stm32f4xx_tim.o)
 .text.TIM_ClearOC3Ref
                0x0000000000000000       0x38 ../../stm_spl//libstm_spl.a(stm32f4xx_tim.o)
 .text.TIM_ClearOC4Ref
                0x0000000000000000       0x3c ../../stm_spl//libstm_spl.a(stm32f4xx_tim.o)
 .text.TIM_OC1PolarityConfig
                0x0000000000000000       0x38 ../../stm_spl//libstm_spl.a(stm32f4xx_tim.o)
 .text.TIM_OC1NPolarityConfig
                0x0000000000000000       0x38 ../../stm_spl//libstm_spl.a(stm32f4xx_tim.o)
 .text.TIM_OC2PolarityConfig
                0x0000000000000000       0x3c ../../stm_spl//libstm_spl.a(stm32f4xx_tim.o)
 .text.TIM_OC2NPolarityConfig
                0x0000000000000000       0x3c ../../stm_spl//libstm_spl.a(stm32f4xx_tim.o)
 .text.TIM_OC3PolarityConfig
                0x0000000000000000       0x3c ../../stm_spl//libstm_spl.a(stm32f4xx_tim.o)
 .text.TIM_OC3NPolarityConfig
                0x0000000000000000       0x3c ../../stm_spl//libstm_spl.a(stm32f4xx_tim.o)
 .text.TIM_OC4PolarityConfig
                0x0000000000000000       0x3c ../../stm_spl//libstm_spl.a(stm32f4xx_tim.o)
 .text.TIM_CCxCmd
                0x0000000000000000       0x56 ../../stm_spl//libstm_spl.a(stm32f4xx_tim.o)
 .text.TIM_CCxNCmd
                0x0000000000000000       0x56 ../../stm_spl//libstm_spl.a(stm32f4xx_tim.o)
 .text.TIM_ICInit
                0x0000000000000000       0xa8 ../../stm_spl//libstm_spl.a(stm32f4xx_tim.o)
 .text.TIM_ICStructInit
                0x0000000000000000       0x32 ../../stm_spl//libstm_spl.a(stm32f4xx_tim.o)
 .text.TIM_PWMIConfig
                0x0000000000000000       0xb8 ../../stm_spl//libstm_spl.a(stm32f4xx_tim.o)
 .text.TIM_GetCapture1
                0x0000000000000000       0x18 ../../stm_spl//libstm_spl.a(stm32f4xx_tim.o)
 .text.TIM_GetCapture2
                0x0000000000000000       0x18 ../../stm_spl//libstm_spl.a(stm32f4xx_tim.o)
 .text.TIM_GetCapture3
                0x0000000000000000       0x18 ../../stm_spl//libstm_spl.a(stm32f4xx_tim.o)
 .text.TIM_GetCapture4
                0x0000000000000000       0x18 ../../stm_spl//libstm_spl.a(stm32f4xx_tim.o)
 .text.TIM_SetIC1Prescaler
                0x0000000000000000       0x38 ../../stm_spl//libstm_spl.a(stm32f4xx_tim.o)
 .text.TIM_SetIC2Prescaler
                0x0000000000000000       0x3c ../../stm_spl//libstm_spl.a(stm32f4xx_tim.o)
 .text.TIM_SetIC3Prescaler
                0x0000000000000000       0x38 ../../stm_spl//libstm_spl.a(stm32f4xx_tim.o)
 .text.TIM_SetIC4Prescaler
                0x0000000000000000       0x3c ../../stm_spl//libstm_spl.a(stm32f4xx_tim.o)
 .text.TIM_BDTRConfig
                0x0000000000000000       0x50 ../../stm_spl//libstm_spl.a(stm32f4xx_tim.o)
 .text.TIM_BDTRStructInit
                0x0000000000000000       0x3e ../../stm_spl//libstm_spl.a(stm32f4xx_tim.o)
 .text.TIM_CtrlPWMOutputs
                0x0000000000000000       0x4c ../../stm_spl//libstm_spl.a(stm32f4xx_tim.o)
 .text.TIM_SelectCOM
                0x0000000000000000       0x40 ../../stm_spl//libstm_spl.a(stm32f4xx_tim.o)
 .text.TIM_CCPreloadControl
                0x0000000000000000       0x40 ../../stm_spl//libstm_spl.a(stm32f4xx_tim.o)
 .text.TIM_GenerateEvent
                0x0000000000000000       0x1e ../../stm_spl//libstm_spl.a(stm32f4xx_tim.o)
 .text.TIM_GetFlagStatus
                0x0000000000000000       0x38 ../../stm_spl//libstm_spl.a(stm32f4xx_tim.o)
 .text.TIM_ClearFlag
                0x0000000000000000       0x22 ../../stm_spl//libstm_spl.a(stm32f4xx_tim.o)
 .text.TIM_DMAConfig
                0x0000000000000000       0x2a ../../stm_spl//libstm_spl.a(stm32f4xx_tim.o)
 .text.TIM_DMACmd
                0x0000000000000000       0x48 ../../stm_spl//libstm_spl.a(stm32f4xx_tim.o)
 .text.TIM_SelectCCDMA
                0x0000000000000000       0x40 ../../stm_spl//libstm_spl.a(stm32f4xx_tim.o)
 .text.TIM_InternalClockConfig
                0x0000000000000000       0x24 ../../stm_spl//libstm_spl.a(stm32f4xx_tim.o)
 .text.TIM_ITRxExternalClockConfig
                0x0000000000000000       0x2e ../../stm_spl//libstm_spl.a(stm32f4xx_tim.o)
 .text.TIM_TIxExternalClockConfig
                0x0000000000000000       0x5c ../../stm_spl//libstm_spl.a(stm32f4xx_tim.o)
 .text.TIM_ETRClockMode1Config
                0x0000000000000000       0x5e ../../stm_spl//libstm_spl.a(stm32f4xx_tim.o)
 .text.TIM_ETRClockMode2Config
                0x0000000000000000       0x3e ../../stm_spl//libstm_spl.a(stm32f4xx_tim.o)
 .text.TIM_SelectInputTrigger
                0x0000000000000000       0x38 ../../stm_spl//libstm_spl.a(stm32f4xx_tim.o)
 .text.TIM_SelectOutputTrigger
                0x0000000000000000       0x38 ../../stm_spl//libstm_spl.a(stm32f4xx_tim.o)
 .text.TIM_SelectSlaveMode
                0x0000000000000000       0x38 ../../stm_spl//libstm_spl.a(stm32f4xx_tim.o)
 .text.TIM_SelectMasterSlaveMode
                0x0000000000000000       0x38 ../../stm_spl//libstm_spl.a(stm32f4xx_tim.o)
 .text.TIM_ETRConfig
                0x0000000000000000       0x54 ../../stm_spl//libstm_spl.a(stm32f4xx_tim.o)
 .text.TIM_EncoderInterfaceConfig
                0x0000000000000000       0x98 ../../stm_spl//libstm_spl.a(stm32f4xx_tim.o)
 .text.TIM_SelectHallSensor
                0x0000000000000000       0x40 ../../stm_spl//libstm_spl.a(stm32f4xx_tim.o)
 .text.TIM_RemapConfig
                0x0000000000000000       0x20 ../../stm_spl//libstm_spl.a(stm32f4xx_tim.o)
 .text.TI1_Config
                0x0000000000000000       0x86 ../../stm_spl//libstm_spl.a(stm32f4xx_tim.o)
 .text.TI2_Config
                0x0000000000000000       0x9a ../../stm_spl//libstm_spl.a(stm32f4xx_tim.o)
 .text.TI3_Config
                0x0000000000000000       0x90 ../../stm_spl//libstm_spl.a(stm32f4xx_tim.o)
 .text.TI4_Config
                0x0000000000000000       0x9e ../../stm_spl//libstm_spl.a(stm32f4xx_tim.o)
 .text          0x0000000000000000        0x0 ../../stm_spl//libstm_spl.a(stm32f4xx_rcc.o)
 .data          0x0000000000000000        0x0 ../../stm_spl//libstm_spl.a(stm32f4xx_rcc.o)
 .bss           0x0000000000000000        0x0 ../../stm_spl//libstm_spl.a(stm32f4xx_rcc.o)
 .data.APBAHBPrescTable
                0x0000000000000000       0x10 ../../stm_spl//libstm_spl.a(stm32f4xx_rcc.o)
 .text.RCC_DeInit
                0x0000000000000000       0x70 ../../stm_spl//libstm_spl.a(stm32f4xx_rcc.o)
 .text.RCC_HSEConfig
                0x0000000000000000       0x28 ../../stm_spl//libstm_spl.a(stm32f4xx_rcc.o)
 .text.RCC_WaitForHSEStartUp
                0x0000000000000000       0x50 ../../stm_spl//libstm_spl.a(stm32f4xx_rcc.o)
 .text.RCC_AdjustHSICalibrationValue
                0x0000000000000000       0x3c ../../stm_spl//libstm_spl.a(stm32f4xx_rcc.o)
 .text.RCC_HSICmd
                0x0000000000000000       0x20 ../../stm_spl//libstm_spl.a(stm32f4xx_rcc.o)
 .text.RCC_LSEConfig
                0x0000000000000000       0x44 ../../stm_spl//libstm_spl.a(stm32f4xx_rcc.o)
 .text.RCC_LSICmd
                0x0000000000000000       0x20 ../../stm_spl//libstm_spl.a(stm32f4xx_rcc.o)
 .text.RCC_PLLConfig
                0x0000000000000000       0x40 ../../stm_spl//libstm_spl.a(stm32f4xx_rcc.o)
 .text.RCC_PLLCmd
                0x0000000000000000       0x20 ../../stm_spl//libstm_spl.a(stm32f4xx_rcc.o)
 .text.RCC_PLLI2SConfig
                0x0000000000000000       0x2c ../../stm_spl//libstm_spl.a(stm32f4xx_rcc.o)
 .text.RCC_PLLI2SCmd
                0x0000000000000000       0x20 ../../stm_spl//libstm_spl.a(stm32f4xx_rcc.o)
 .text.RCC_PLLSAIConfig
                0x0000000000000000       0x34 ../../stm_spl//libstm_spl.a(stm32f4xx_rcc.o)
 .text.RCC_PLLSAICmd
                0x0000000000000000       0x20 ../../stm_spl//libstm_spl.a(stm32f4xx_rcc.o)
 .text.RCC_ClockSecuritySystemCmd
                0x0000000000000000       0x20 ../../stm_spl//libstm_spl.a(stm32f4xx_rcc.o)
 .text.RCC_MCO1Config
                0x0000000000000000       0x40 ../../stm_spl//libstm_spl.a(stm32f4xx_rcc.o)
 .text.RCC_MCO2Config
                0x0000000000000000       0x40 ../../stm_spl//libstm_spl.a(stm32f4xx_rcc.o)
 .text.RCC_SYSCLKConfig
                0x0000000000000000       0x38 ../../stm_spl//libstm_spl.a(stm32f4xx_rcc.o)
 .text.RCC_GetSYSCLKSource
                0x0000000000000000       0x20 ../../stm_spl//libstm_spl.a(stm32f4xx_rcc.o)
 .text.RCC_HCLKConfig
                0x0000000000000000       0x38 ../../stm_spl//libstm_spl.a(stm32f4xx_rcc.o)
 .text.RCC_PCLK1Config
                0x0000000000000000       0x38 ../../stm_spl//libstm_spl.a(stm32f4xx_rcc.o)
 .text.RCC_PCLK2Config
                0x0000000000000000       0x3c ../../stm_spl//libstm_spl.a(stm32f4xx_rcc.o)
 .text.RCC_GetClocksFreq
                0x0000000000000000      0x154 ../../stm_spl//libstm_spl.a(stm32f4xx_rcc.o)
 .text.RCC_RTCCLKConfig
                0x0000000000000000       0x5c ../../stm_spl//libstm_spl.a(stm32f4xx_rcc.o)
 .text.RCC_RTCCLKCmd
                0x0000000000000000       0x20 ../../stm_spl//libstm_spl.a(stm32f4xx_rcc.o)
 .text.RCC_BackupResetCmd
                0x0000000000000000       0x20 ../../stm_spl//libstm_spl.a(stm32f4xx_rcc.o)
 .text.RCC_I2SCLKConfig
                0x0000000000000000       0x20 ../../stm_spl//libstm_spl.a(stm32f4xx_rcc.o)
 .text.RCC_SAIBlockACLKConfig
                0x0000000000000000       0x3c ../../stm_spl//libstm_spl.a(stm32f4xx_rcc.o)
 .text.RCC_SAIBlockBCLKConfig
                0x0000000000000000       0x3c ../../stm_spl//libstm_spl.a(stm32f4xx_rcc.o)
 .text.RCC_SAIPLLI2SClkDivConfig
                0x0000000000000000       0x40 ../../stm_spl//libstm_spl.a(stm32f4xx_rcc.o)
 .text.RCC_SAIPLLSAIClkDivConfig
                0x0000000000000000       0x40 ../../stm_spl//libstm_spl.a(stm32f4xx_rcc.o)
 .text.RCC_LTDCCLKDivConfig
                0x0000000000000000       0x3c ../../stm_spl//libstm_spl.a(stm32f4xx_rcc.o)
 .text.RCC_TIMCLKPresConfig
                0x0000000000000000       0x20 ../../stm_spl//libstm_spl.a(stm32f4xx_rcc.o)
 .text.RCC_AHB2PeriphClockCmd
                0x0000000000000000       0x40 ../../stm_spl//libstm_spl.a(stm32f4xx_rcc.o)
 .text.RCC_AHB3PeriphClockCmd
                0x0000000000000000       0x40 ../../stm_spl//libstm_spl.a(stm32f4xx_rcc.o)
 .text.RCC_APB2PeriphClockCmd
                0x0000000000000000       0x40 ../../stm_spl//libstm_spl.a(stm32f4xx_rcc.o)
 .text.RCC_AHB1PeriphResetCmd
                0x0000000000000000       0x40 ../../stm_spl//libstm_spl.a(stm32f4xx_rcc.o)
 .text.RCC_AHB2PeriphResetCmd
                0x0000000000000000       0x40 ../../stm_spl//libstm_spl.a(stm32f4xx_rcc.o)
 .text.RCC_AHB3PeriphResetCmd
                0x0000000000000000       0x40 ../../stm_spl//libstm_spl.a(stm32f4xx_rcc.o)
 .text.RCC_APB1PeriphResetCmd
                0x0000000000000000       0x40 ../../stm_spl//libstm_spl.a(stm32f4xx_rcc.o)
 .text.RCC_APB2PeriphResetCmd
                0x0000000000000000       0x40 ../../stm_spl//libstm_spl.a(stm32f4xx_rcc.o)
 .text.RCC_AHB1PeriphClockLPModeCmd
                0x0000000000000000       0x40 ../../stm_spl//libstm_spl.a(stm32f4xx_rcc.o)
 .text.RCC_AHB2PeriphClockLPModeCmd
                0x0000000000000000       0x40 ../../stm_spl//libstm_spl.a(stm32f4xx_rcc.o)
 .text.RCC_AHB3PeriphClockLPModeCmd
                0x0000000000000000       0x40 ../../stm_spl//libstm_spl.a(stm32f4xx_rcc.o)
 .text.RCC_APB1PeriphClockLPModeCmd
                0x0000000000000000       0x40 ../../stm_spl//libstm_spl.a(stm32f4xx_rcc.o)
 .text.RCC_APB2PeriphClockLPModeCmd
                0x0000000000000000       0x40 ../../stm_spl//libstm_spl.a(stm32f4xx_rcc.o)
 .text.RCC_LSEModeConfig
                0x0000000000000000       0x3c ../../stm_spl//libstm_spl.a(stm32f4xx_rcc.o)
 .text.RCC_ITConfig
                0x0000000000000000       0x4c ../../stm_spl//libstm_spl.a(stm32f4xx_rcc.o)
 .text.RCC_GetFlagStatus
                0x0000000000000000       0x74 ../../stm_spl//libstm_spl.a(stm32f4xx_rcc.o)
 .text.RCC_ClearFlag
                0x0000000000000000       0x20 ../../stm_spl//libstm_spl.a(stm32f4xx_rcc.o)
 .text.RCC_GetITStatus
                0x0000000000000000       0x38 ../../stm_spl//libstm_spl.a(stm32f4xx_rcc.o)
 .text.RCC_ClearITPendingBit
                0x0000000000000000       0x20 ../../stm_spl//libstm_spl.a(stm32f4xx_rcc.o)
 .text          0x0000000000000000        0x0 ../../stm_spl//libstm_spl.a(misc.o)
 .data          0x0000000000000000        0x0 ../../stm_spl//libstm_spl.a(misc.o)
 .bss           0x0000000000000000        0x0 ../../stm_spl//libstm_spl.a(misc.o)
 .text.NVIC_PriorityGroupConfig
                0x0000000000000000       0x28 ../../stm_spl//libstm_spl.a(misc.o)
 .text.NVIC_SetVectorTable
                0x0000000000000000       0x2c ../../stm_spl//libstm_spl.a(misc.o)
 .text.NVIC_SystemLPConfig
                0x0000000000000000       0x44 ../../stm_spl//libstm_spl.a(misc.o)
 .text.SysTick_CLKSourceConfig
                0x0000000000000000       0x38 ../../stm_spl//libstm_spl.a(misc.o)

Memory Configuration

Name             Origin             Length             Attributes
RAM              0x0000000020000000 0x0000000000020000 xrw
CCMRAM           0x0000000010000000 0x0000000000010000 xrw
FLASH            0x0000000008000000 0x0000000000100000 xr
FLASHB1          0x0000000000000000 0x0000000000000000 xr
EXTMEMB0         0x0000000000000000 0x0000000000000000 xr
EXTMEMB1         0x0000000000000000 0x0000000000000000 xr
EXTMEMB2         0x0000000000000000 0x0000000000000000 xr
EXTMEMB3         0x0000000000000000 0x0000000000000000 xr
MEMORY_ARRAY     0x0000000020002000 0x0000000000000020 xrw
*default*        0x0000000000000000 0xffffffffffffffff

Linker script and memory map

LOAD main.o
LOAD ../../common/as/startup_stm32f40_41xxx.o
START GROUP
LOAD /usr/lib/gcc/arm-none-eabi/8.2.0/../../../../arm-none-eabi/lib/libc.a
LOAD /usr/lib/gcc/arm-none-eabi/8.2.0/libgcc.a
LOAD /usr/lib/gcc/arm-none-eabi/8.2.0/../../../../arm-none-eabi/lib/libnosys.a
END GROUP
LOAD ../../common//libstmcommon.a
LOAD ../../stm_spl//libstm_spl.a
START GROUP
LOAD /usr/lib/gcc/arm-none-eabi/8.2.0/libgcc.a
LOAD /usr/lib/gcc/arm-none-eabi/8.2.0/../../../../arm-none-eabi/lib/libc.a
END GROUP
                0x0000000000004000                __Stack_Size = 0x4000
                [!provide]                        PROVIDE (_Stack_Size = __Stack_Size)
                0x000000002001c000                __Stack_Init = (_estack - __Stack_Size)
                [!provide]                        PROVIDE (_Stack_Init = __Stack_Init)
                0x0000000000004000                _Minimum_Stack_Size = 0x4000
                0x0000000020020000                _estack = 0x20020000

.isr_vector     0x0000000008000000      0x188
                0x0000000008000000                . = ALIGN (0x4)
 *(.isr_vector)
 .isr_vector    0x0000000008000000      0x188 ../../common/as/startup_stm32f40_41xxx.o
                0x0000000008000000                g_pfnVectors
                0x0000000008000188                . = ALIGN (0x4)

.flashtext      0x0000000008000188        0x0
                0x0000000008000188                . = ALIGN (0x4)
 *(.flashtext)
                0x0000000008000188                . = ALIGN (0x4)

.text           0x0000000008000188      0x6d0
                0x0000000008000188                . = ALIGN (0x4)
 *(.text)
 *(.text.*)
 .text.main     0x0000000008000188       0x90 main.o
                0x0000000008000188                main
 .text.TIM2_IRQHandler
                0x0000000008000218       0x38 main.o
                0x0000000008000218                TIM2_IRQHandler
 .text.Reset_Handler
                0x0000000008000250       0x44 ../../common/as/startup_stm32f40_41xxx.o
                0x0000000008000250                Reset_Handler
 .text.Default_Handler
                0x0000000008000294        0x2 ../../common/as/startup_stm32f40_41xxx.o
                0x0000000008000294                RTC_Alarm_IRQHandler
                0x0000000008000294                HASH_RNG_IRQHandler
                0x0000000008000294                EXTI2_IRQHandler
                0x0000000008000294                TIM8_CC_IRQHandler
                0x0000000008000294                DebugMon_Handler
                0x0000000008000294                TIM1_CC_IRQHandler
                0x0000000008000294                DMA2_Stream5_IRQHandler
                0x0000000008000294                HardFault_Handler
                0x0000000008000294                DMA1_Stream5_IRQHandler
                0x0000000008000294                SysTick_Handler
                0x0000000008000294                PVD_IRQHandler
                0x0000000008000294                SDIO_IRQHandler
                0x0000000008000294                TAMP_STAMP_IRQHandler
                0x0000000008000294                PendSV_Handler
                0x0000000008000294                NMI_Handler
                0x0000000008000294                CAN2_RX1_IRQHandler
                0x0000000008000294                EXTI3_IRQHandler
                0x0000000008000294                TIM8_TRG_COM_TIM14_IRQHandler
                0x0000000008000294                TIM1_UP_TIM10_IRQHandler
                0x0000000008000294                TIM8_UP_TIM13_IRQHandler
                0x0000000008000294                I2C3_ER_IRQHandler
                0x0000000008000294                EXTI0_IRQHandler
                0x0000000008000294                I2C2_EV_IRQHandler
                0x0000000008000294                DMA1_Stream2_IRQHandler
                0x0000000008000294                CAN1_RX0_IRQHandler
                0x0000000008000294                FPU_IRQHandler
                0x0000000008000294                OTG_HS_WKUP_IRQHandler
                0x0000000008000294                UsageFault_Handler
                0x0000000008000294                CAN2_SCE_IRQHandler
                0x0000000008000294                DMA2_Stream2_IRQHandler
                0x0000000008000294                SPI1_IRQHandler
                0x0000000008000294                TIM6_DAC_IRQHandler
                0x0000000008000294                TIM1_BRK_TIM9_IRQHandler
                0x0000000008000294                DCMI_IRQHandler
                0x0000000008000294                CAN2_RX0_IRQHandler
                0x0000000008000294                DMA2_Stream3_IRQHandler
                0x0000000008000294                USART6_IRQHandler
                0x0000000008000294                USART3_IRQHandler
                0x0000000008000294                CRYP_IRQHandler
                0x0000000008000294                CAN1_RX1_IRQHandler
                0x0000000008000294                UART5_IRQHandler
                0x0000000008000294                DMA2_Stream0_IRQHandler
                0x0000000008000294                TIM4_IRQHandler
                0x0000000008000294                I2C1_EV_IRQHandler
                0x0000000008000294                DMA1_Stream6_IRQHandler
                0x0000000008000294                DMA1_Stream1_IRQHandler
                0x0000000008000294                UART4_IRQHandler
                0x0000000008000294                TIM3_IRQHandler
                0x0000000008000294                RCC_IRQHandler
                0x0000000008000294                TIM8_BRK_TIM12_IRQHandler
                0x0000000008000294                Default_Handler
                0x0000000008000294                EXTI15_10_IRQHandler
                0x0000000008000294                ADC_IRQHandler
                0x0000000008000294                DMA1_Stream7_IRQHandler
                0x0000000008000294                TIM7_IRQHandler
                0x0000000008000294                CAN2_TX_IRQHandler
                0x0000000008000294                TIM5_IRQHandler
                0x0000000008000294                DMA2_Stream7_IRQHandler
                0x0000000008000294                I2C3_EV_IRQHandler
                0x0000000008000294                EXTI9_5_IRQHandler
                0x0000000008000294                RTC_WKUP_IRQHandler
                0x0000000008000294                ETH_WKUP_IRQHandler
                0x0000000008000294                SPI2_IRQHandler
                0x0000000008000294                OTG_HS_EP1_IN_IRQHandler
                0x0000000008000294                MemManage_Handler
                0x0000000008000294                DMA1_Stream0_IRQHandler
                0x0000000008000294                CAN1_TX_IRQHandler
                0x0000000008000294                SVC_Handler
                0x0000000008000294                EXTI4_IRQHandler
                0x0000000008000294                FSMC_IRQHandler
                0x0000000008000294                ETH_IRQHandler
                0x0000000008000294                OTG_HS_EP1_OUT_IRQHandler
                0x0000000008000294                WWDG_IRQHandler
                0x0000000008000294                OTG_FS_WKUP_IRQHandler
                0x0000000008000294                TIM1_TRG_COM_TIM11_IRQHandler
                0x0000000008000294                OTG_HS_IRQHandler
                0x0000000008000294                EXTI1_IRQHandler
                0x0000000008000294                USART2_IRQHandler
                0x0000000008000294                I2C2_ER_IRQHandler
                0x0000000008000294                DMA2_Stream1_IRQHandler
                0x0000000008000294                CAN1_SCE_IRQHandler
                0x0000000008000294                FLASH_IRQHandler
                0x0000000008000294                DMA2_Stream4_IRQHandler
                0x0000000008000294                BusFault_Handler
                0x0000000008000294                USART1_IRQHandler
                0x0000000008000294                OTG_FS_IRQHandler
                0x0000000008000294                SPI3_IRQHandler
                0x0000000008000294                DMA1_Stream4_IRQHandler
                0x0000000008000294                I2C1_ER_IRQHandler
                0x0000000008000294                DMA2_Stream6_IRQHandler
                0x0000000008000294                DMA1_Stream3_IRQHandler
 *fill*         0x0000000008000296        0x2 
 .text.SystemInit
                0x0000000008000298       0x6c ../../common//libstmcommon.a(system_stm32f4xx.o)
                0x0000000008000298                SystemInit
 .text.SetSysClock
                0x0000000008000304       0xf8 ../../common//libstmcommon.a(system_stm32f4xx.o)
 .text.GPIO_Init
                0x00000000080003fc      0x11c ../../stm_spl//libstm_spl.a(stm32f4xx_gpio.o)
                0x00000000080003fc                GPIO_Init
 .text.GPIO_ToggleBits
                0x0000000008000518       0x24 ../../stm_spl//libstm_spl.a(stm32f4xx_gpio.o)
                0x0000000008000518                GPIO_ToggleBits
 .text.TIM_TimeBaseInit
                0x000000000800053c       0xd8 ../../stm_spl//libstm_spl.a(stm32f4xx_tim.o)
                0x000000000800053c                TIM_TimeBaseInit
 .text.TIM_Cmd  0x0000000008000614       0x40 ../../stm_spl//libstm_spl.a(stm32f4xx_tim.o)
                0x0000000008000614                TIM_Cmd
 .text.TIM_ITConfig
                0x0000000008000654       0x48 ../../stm_spl//libstm_spl.a(stm32f4xx_tim.o)
                0x0000000008000654                TIM_ITConfig
 .text.TIM_GetITStatus
                0x000000000800069c       0x54 ../../stm_spl//libstm_spl.a(stm32f4xx_tim.o)
                0x000000000800069c                TIM_GetITStatus
 .text.TIM_ClearITPendingBit
                0x00000000080006f0       0x22 ../../stm_spl//libstm_spl.a(stm32f4xx_tim.o)
                0x00000000080006f0                TIM_ClearITPendingBit
 *fill*         0x0000000008000712        0x2 
 .text.RCC_AHB1PeriphClockCmd
                0x0000000008000714       0x40 ../../stm_spl//libstm_spl.a(stm32f4xx_rcc.o)
                0x0000000008000714                RCC_AHB1PeriphClockCmd
 .text.RCC_APB1PeriphClockCmd
                0x0000000008000754       0x40 ../../stm_spl//libstm_spl.a(stm32f4xx_rcc.o)
                0x0000000008000754                RCC_APB1PeriphClockCmd
 .text.NVIC_Init
                0x0000000008000794       0xc4 ../../stm_spl//libstm_spl.a(misc.o)
                0x0000000008000794                NVIC_Init
 *(.rodata)
 *(.rodata*)
 *(.glue_7)
 .glue_7        0x0000000008000858        0x0 linker stubs
 *(.glue_7t)
 .glue_7t       0x0000000008000858        0x0 linker stubs
                0x0000000008000858                . = ALIGN (0x4)
                0x0000000008000858                _etext = .
                0x0000000008000858                _sidata = _etext

.vfp11_veneer   0x0000000008000858        0x0
 .vfp11_veneer  0x0000000008000858        0x0 linker stubs

.v4_bx          0x0000000008000858        0x0
 .v4_bx         0x0000000008000858        0x0 linker stubs

.iplt           0x0000000008000858        0x0
 .iplt          0x0000000008000858        0x0 main.o

.rel.dyn        0x0000000008000858        0x0
 .rel.iplt      0x0000000008000858        0x0 main.o

.ROarraySection
 *(.ROarraySection)

.data           0x0000000020000000        0x4 load address 0x0000000008000858
                0x0000000020000000                . = ALIGN (0x4)
                0x0000000020000000                _sdata = .
 *(.data)
 *(.data.*)
 .data.Pin_set  0x0000000020000000        0x2 main.o
                0x0000000020000000                Pin_set
                0x0000000020000004                . = ALIGN (0x4)
 *fill*         0x0000000020000002        0x2 
                0x0000000020000004                _edata = .

.igot.plt       0x0000000020000004        0x0 load address 0x000000000800085c
 .igot.plt      0x0000000020000004        0x0 main.o

.bss            0x0000000020000004        0x0
                0x0000000020000004                . = ALIGN (0x4)
                0x0000000020000004                _sbss = .
 *(.bss)
 *(COMMON)
                0x0000000020000004                . = ALIGN (0x4)
                0x0000000020000004                _ebss = .
                [!provide]                        PROVIDE (end = _ebss)
                [!provide]                        PROVIDE (_end = _ebss)

._usrstack      0x0000000020000004     0x4000 load address 0x000000000800085c
                0x0000000020000004                . = ALIGN (0x4)
                0x0000000020000004                _susrstack = .
                0x0000000020004004                . = (. + _Minimum_Stack_Size)
 *fill*         0x0000000020000004     0x4000 
                0x0000000020004004                . = ALIGN (0x4)
                0x0000000020004004                _eusrstack = .

.b1text
 *(.b1text)
 *(.b1rodata)
 *(.b1rodata*)

.eb0text
 *(.eb0text)
 *(.eb0rodata)
 *(.eb0rodata*)

.eb1text
 *(.eb1text)
 *(.eb1rodata)
 *(.eb1rodata*)

.eb2text
 *(.eb2text)
 *(.eb2rodata)
 *(.eb2rodata*)

.eb3text
 *(.eb3text)
 *(.eb3rodata)
 *(.eb3rodata*)

DISCARD
 libc.a(*)
 libm.a(*)
 libgcc.a(*)

.stab
 *(.stab)

.stabstr
 *(.stabstr)

.stab.excl
 *(.stab.excl)

.stab.exclstr
 *(.stab.exclstr)

.stab.index
 *(.stab.index)

.stab.indexstr
 *(.stab.indexstr)

.comment        0x0000000000000000       0x22
 *(.comment)
 .comment       0x0000000000000000       0x22 main.o
                                         0x23 (size before relaxing)
 .comment       0x0000000000000022       0x23 ../../common//libstmcommon.a(system_stm32f4xx.o)
 .comment       0x0000000000000022       0x23 ../../stm_spl//libstm_spl.a(stm32f4xx_gpio.o)
 .comment       0x0000000000000022       0x23 ../../stm_spl//libstm_spl.a(stm32f4xx_tim.o)
 .comment       0x0000000000000022       0x23 ../../stm_spl//libstm_spl.a(stm32f4xx_rcc.o)
 .comment       0x0000000000000022       0x23 ../../stm_spl//libstm_spl.a(misc.o)

.ARM.attributes
                0x0000000000000000       0x32
 .ARM.attributes
                0x0000000000000000       0x34 main.o
 .ARM.attributes
                0x0000000000000034       0x21 ../../common/as/startup_stm32f40_41xxx.o
 .ARM.attributes
                0x0000000000000055       0x34 ../../common//libstmcommon.a(system_stm32f4xx.o)
 .ARM.attributes
                0x0000000000000089       0x34 ../../stm_spl//libstm_spl.a(stm32f4xx_gpio.o)
 .ARM.attributes
                0x00000000000000bd       0x34 ../../stm_spl//libstm_spl.a(stm32f4xx_tim.o)
 .ARM.attributes
                0x00000000000000f1       0x34 ../../stm_spl//libstm_spl.a(stm32f4xx_rcc.o)
 .ARM.attributes
                0x0000000000000125       0x34 ../../stm_spl//libstm_spl.a(misc.o)

.debug
 *(.debug)

.line
 *(.line)

.debug_srcinfo
 *(.debug_srcinfo)

.debug_sfnames
 *(.debug_sfnames)

.debug_aranges  0x0000000000000000      0x5d8
 *(.debug_aranges)
 .debug_aranges
                0x0000000000000000       0x28 main.o
 .debug_aranges
                0x0000000000000028       0x30 ../../common//libstmcommon.a(system_stm32f4xx.o)
 .debug_aranges
                0x0000000000000058       0x88 ../../stm_spl//libstm_spl.a(stm32f4xx_gpio.o)
 .debug_aranges
                0x00000000000000e0      0x2f8 ../../stm_spl//libstm_spl.a(stm32f4xx_tim.o)
 .debug_aranges
                0x00000000000003d8      0x1c0 ../../stm_spl//libstm_spl.a(stm32f4xx_rcc.o)
 .debug_aranges
                0x0000000000000598       0x40 ../../stm_spl//libstm_spl.a(misc.o)

.debug_pubnames
 *(.debug_pubnames)

.debug_info     0x0000000000000000     0x5107
 *(.debug_info .gnu.linkonce.wi.*)
 .debug_info    0x0000000000000000     0x112e main.o
 .debug_info    0x000000000000112e      0x66a ../../common//libstmcommon.a(system_stm32f4xx.o)
 .debug_info    0x0000000000001798      0x67f ../../stm_spl//libstm_spl.a(stm32f4xx_gpio.o)
 .debug_info    0x0000000000001e17     0x1e26 ../../stm_spl//libstm_spl.a(stm32f4xx_tim.o)
 .debug_info    0x0000000000003c3d      0xf38 ../../stm_spl//libstm_spl.a(stm32f4xx_rcc.o)
 .debug_info    0x0000000000004b75      0x592 ../../stm_spl//libstm_spl.a(misc.o)

.debug_abbrev   0x0000000000000000      0xb41
 *(.debug_abbrev)
 .debug_abbrev  0x0000000000000000      0x292 main.o
 .debug_abbrev  0x0000000000000292      0x178 ../../common//libstmcommon.a(system_stm32f4xx.o)
 .debug_abbrev  0x000000000000040a      0x1e6 ../../stm_spl//libstm_spl.a(stm32f4xx_gpio.o)
 .debug_abbrev  0x00000000000005f0      0x1c2 ../../stm_spl//libstm_spl.a(stm32f4xx_tim.o)
 .debug_abbrev  0x00000000000007b2      0x1f9 ../../stm_spl//libstm_spl.a(stm32f4xx_rcc.o)
 .debug_abbrev  0x00000000000009ab      0x196 ../../stm_spl//libstm_spl.a(misc.o)

.debug_line     0x0000000000000000     0x2553
 *(.debug_line)
 .debug_line    0x0000000000000000      0x218 main.o
 .debug_line    0x0000000000000218      0x278 ../../common//libstmcommon.a(system_stm32f4xx.o)
 .debug_line    0x0000000000000490      0x44a ../../stm_spl//libstm_spl.a(stm32f4xx_gpio.o)
 .debug_line    0x00000000000008da     0x1057 ../../stm_spl//libstm_spl.a(stm32f4xx_tim.o)
 .debug_line    0x0000000000001931      0x9f9 ../../stm_spl//libstm_spl.a(stm32f4xx_rcc.o)
 .debug_line    0x000000000000232a      0x229 ../../stm_spl//libstm_spl.a(misc.o)

.debug_frame    0x0000000000000000     0x1a6c
 *(.debug_frame)
 .debug_frame   0x0000000000000000       0x4c main.o
 .debug_frame   0x000000000000004c       0x7c ../../common//libstmcommon.a(system_stm32f4xx.o)
 .debug_frame   0x00000000000000c8      0x23c ../../stm_spl//libstm_spl.a(stm32f4xx_gpio.o)
 .debug_frame   0x0000000000000304      0xe54 ../../stm_spl//libstm_spl.a(stm32f4xx_tim.o)
 .debug_frame   0x0000000000001158      0x83c ../../stm_spl//libstm_spl.a(stm32f4xx_rcc.o)
 .debug_frame   0x0000000000001994       0xd8 ../../stm_spl//libstm_spl.a(misc.o)

.debug_str      0x0000000000000000     0x2465
 *(.debug_str)
 .debug_str     0x0000000000000000      0xe65 main.o
                                        0xeeb (size before relaxing)
 .debug_str     0x0000000000000e65      0x211 ../../common//libstmcommon.a(system_stm32f4xx.o)
                                        0x40a (size before relaxing)
 .debug_str     0x0000000000001076      0x1c3 ../../stm_spl//libstm_spl.a(stm32f4xx_gpio.o)
                                        0x4e9 (size before relaxing)
 .debug_str     0x0000000000001239      0xa64 ../../stm_spl//libstm_spl.a(stm32f4xx_tim.o)
                                        0xe19 (size before relaxing)
 .debug_str     0x0000000000001c9d      0x692 ../../stm_spl//libstm_spl.a(stm32f4xx_rcc.o)
                                        0xa0b (size before relaxing)
 .debug_str     0x000000000000232f      0x136 ../../stm_spl//libstm_spl.a(misc.o)
                                        0x417 (size before relaxing)

.debug_loc
 *(.debug_loc)

.debug_macinfo
 *(.debug_macinfo)

.debug_weaknames
 *(.debug_weaknames)

.debug_funcnames
 *(.debug_funcnames)

.debug_typenames
 *(.debug_typenames)

.debug_varnames
 *(.debug_varnames)
OUTPUT(main.elf elf32-littlearm)

.debug_ranges   0x0000000000000000      0x578
 .debug_ranges  0x0000000000000000       0x18 main.o
 .debug_ranges  0x0000000000000018       0x20 ../../common//libstmcommon.a(system_stm32f4xx.o)
 .debug_ranges  0x0000000000000038       0x78 ../../stm_spl//libstm_spl.a(stm32f4xx_gpio.o)
 .debug_ranges  0x00000000000000b0      0x2e8 ../../stm_spl//libstm_spl.a(stm32f4xx_tim.o)
 .debug_ranges  0x0000000000000398      0x1b0 ../../stm_spl//libstm_spl.a(stm32f4xx_rcc.o)
 .debug_ranges  0x0000000000000548       0x30 ../../stm_spl//libstm_spl.a(misc.o)
